---
source: tests/spec/emit/result_option_patterns.rs
description: |
  
  import "go:fmt"
  
  fn five(xs: Slice<int>) -> int {
    if let Some(x) = xs.find(|n| n > 1) {
      fmt.Println(x)
    }
    if let Some(x) = xs.find(|n| n > 2) {
      fmt.Println(x)
    }
    0
  }
---
package main

import "fmt"

func five(xs []int) int {
	var x int
	found := false
	for _, n := range xs {
		if n > 1 {
			x = n
			found = true
			break
		}
	}
	if found {
		fmt.Println(x)
	}
	var x_1 int
	found_1 := false
	for _, n := range xs {
		if n > 2 {
			x_1 = n
			found_1 = true
			break
		}
	}
	if found_1 {
		fmt.Println(x_1)
	}
	return 0
}
