---
source: tests/spec/emit/functions.rs
description: "input: \nstruct Wrapper(int)\n\nfn test() -> Wrapper {\n  let n = 42\n  n as Wrapper\n}\n"
---
package main

import "fmt"

type Wrapper int

func (w Wrapper) GoString() string {
	return fmt.Sprintf("Wrapper(%v)", int(w))
}

func test() Wrapper {
	n := 42
	return Wrapper(n)
}
