---
source: tests/spec/emit/functions.rs
description: "input: \ntype Handler = fn(int) -> string\n\nfn my_handler(x: int) -> string {\n  \"ok\"\n}\n\nfn test() -> fn(int) -> string {\n  let h = my_handler as Handler\n  h as fn(int) -> string\n}\n"
---
package main

type Handler func(int) string

func my_handler(_ int) string {
	return "ok"
}

func test() func(int) string {
	h := Handler(my_handler)
	return (func(int) string)(h)
}
