---
source: tests/spec/emit/result_option_patterns.rs
description: |
  
  fn get_value() -> Option<int> {
    Some(42)
  }
  
  fn test() -> Option<int> {
    let x = get_value();
    x
  }
---
package main

import lisette "github.com/ivov/lisette/prelude"

func getValue() (int, bool) {
	return 42, true
}

func test() (int, bool) {
	x := lisette.OptionFromCommaOk[int](getValue())
	if x.Tag == lisette.OptionSome {
		return x.SomeVal, true
	}
	return 0, false
}
