---
source: tests/spec/emit/go_interface_adapter.rs
description: "input: \nimport \"go:io\"\n\nstruct A {}\nstruct B {}\n\nimpl A {\n  fn Read(self, mut p: Slice<uint8>) -> Partial<int, error> {\n    Partial.Ok(0)\n  }\n}\n\nimpl B {\n  fn Read(self, mut p: Slice<uint8>) -> Partial<int, error> {\n    Partial.Ok(0)\n  }\n}\n\nfn pick(flag: bool) -> io.Reader {\n  match flag {\n    true => A {},\n    false => B {},\n  }\n}\n\nfn main() {\n  let _ = pick(true)\n}\n"
---
package main

import (
	lisette "github.com/ivov/lisette/prelude"
	"io"
)

type A struct{}

func (a A) String() string {
	return "A"
}

type B struct{}

func (b B) String() string {
	return "B"
}

func (a A) Read(_ []uint8) lisette.Partial[int, error] {
	return lisette.MakePartialOk[int, error](0)
}

func (b B) Read(_ []uint8) lisette.Partial[int, error] {
	return lisette.MakePartialOk[int, error](0)
}

func pick(flag bool) io.Reader {
	if flag {
		return _lisAdapter_A_Reader_0{inner: A{}}
	}
	return _lisAdapter_B_Reader_1{inner: B{}}
}

func main() {
	_ = pick(true)
}

type _lisAdapter_A_Reader_0 struct {
	inner A
}

func (a _lisAdapter_A_Reader_0) Read(arg0 []uint8) (int, error) {
	res_1 := a.inner.Read(arg0)
	if res_1.Tag == lisette.PartialOk {
		return res_1.OkVal, nil
	}
	if res_1.Tag == lisette.PartialErr {
		return *new(int), res_1.ErrVal
	}
	return res_1.OkVal, res_1.ErrVal
}

type _lisAdapter_B_Reader_1 struct {
	inner B
}

func (a _lisAdapter_B_Reader_1) Read(arg0 []uint8) (int, error) {
	res_2 := a.inner.Read(arg0)
	if res_2.Tag == lisette.PartialOk {
		return res_2.OkVal, nil
	}
	if res_2.Tag == lisette.PartialErr {
		return *new(int), res_2.ErrVal
	}
	return res_2.OkVal, res_2.ErrVal
}
