---
source: tests/spec/emit/functions.rs
description: |
  
  import "go:fmt"
  import "go:strconv"
  
  fn main() {
    let cond = true
    let f = if cond { strconv.Atoi } else { strconv.Atoi }
    let r = f("99")
    fmt.Println(r)
  }
---
package main

import (
	"fmt"
	lisette "github.com/ivov/lisette/prelude"
	"strconv"
)

func main() {
	cond := true
	var f func(string) (int, error)
	if cond {
		f = strconv.Atoi
	} else {
		f = strconv.Atoi
	}
	ret, ret_1 := f("99")
	var r lisette.Result[int, error]
	if ret_1 != nil {
		r = lisette.MakeResultErr[int, error](ret_1)
	} else {
		r = lisette.MakeResultOk[int, error](ret)
	}
	fmt.Println(r)
}
