---
source: tests/spec/emit/functions.rs
description: "input: \nimport \"go:math\"\n\nfn main() {\n  let x = 1.25\n  let (x, y) = math.Modf(x)\n  let _ = (x, y)\n}\n"
---
package main

import (
	lisette "github.com/ivov/lisette/prelude"
	"math"
)

func main() {
	x := 1.25
	x_1, y := math.Modf(x)
	_ = lisette.MakeTuple2(x_1, y)
}
