---
source: tests/spec/emit/imports.rs
description: |
  
  import "go:archive/zip"
  
  fn test(base: zip.File) -> zip.File {
    zip.File { FileHeader: base.FileHeader, ..base }
  }
---
package main

import "archive/zip"

func test(base zip.File) zip.File {
	field := base.FileHeader
	copy_1 := base
	copy_1.FileHeader = field
	return copy_1
}
