---
source: tests/spec/emit/imports.rs
description: "input: \nimport \"services/billing\"\nimport \"services/auth\"\nimport \"services/notifications\"\nimport \"go:fmt\"\n\nfn test() {\n  fmt.Print(\"Import order test\")\n}\n"
---
package main

import "fmt"

func test() {
	fmt.Print("Import order test")
}
