---
source: tests/spec/emit/interop_matrix.rs
description: |
  
  import "go:example.com/evts"
  import "go:fmt"
  
  fn main() {
    match evts.Peek() {
      Some(e) => fmt.Println(e),
      None => fmt.Println("none"),
    }
  }
---
package main

import (
	"example.com/evts"
	"fmt"
	lisette "github.com/ivov/lisette/prelude"
)

func main() {
	raw_1 := evts.Peek()
	option_2 := lisette.OptionFromNilable[evts.Msg](raw_1, lisette.IsNilInterface(raw_1))
	if option_2.Tag == lisette.OptionSome {
		fmt.Println(option_2.SomeVal)
	} else {
		fmt.Println("none")
	}
}
