---
source: tests/spec/emit/interop_matrix.rs
description: |
  
  import "go:fmt"
  import "go:example.com/aws"
  
  fn main() {
    let f = aws.Make
    for x in f() {
      match x {
        Some(v) => fmt.Println(v),
        None => fmt.Println("none"),
      }
    }
  }
---
package main

import (
	"example.com/aws"
	"fmt"
	lisette "github.com/ivov/lisette/prelude"
)

func main() {
	cb := aws.Make
	f := func() []lisette.Option[string] {
		src := cb()
		wrapped := make([]lisette.Option[string], len(src))
		for i, v := range src {
			if v != nil {
				wrapped[i] = lisette.MakeOptionSome[string](*v)
			} else {
				wrapped[i] = lisette.MakeOptionNone[string]()
			}
		}
		return wrapped
	}
	for _, x := range f() {
		if x.Tag == lisette.OptionSome {
			fmt.Println(x.SomeVal)
		} else {
			fmt.Println("none")
		}
	}
}
