---
source: tests/spec/emit/interop_matrix.rs
description: |
  
  import "go:os"
  
  fn lookup(k: string) -> Option<string> {
    try {
      let v = os.LookupEnv(k)?
      v
    }
  }
  
  fn main() {
    match lookup("HOME") {
      Some(v) => { let _ = v },
      None => { let _ = 0 },
    }
  }
---
package main

import (
	lisette "github.com/ivov/lisette/prelude"
	"os"
)

func lookup(k string) (string, bool) {
	tryResult_1 := func() lisette.Option[string] {
		v, ok := os.LookupEnv(k)
		if !ok {
			return lisette.MakeOptionNone[string]()
		}
		return lisette.MakeOptionSome[string](v)
	}()
	v_2 := tryResult_1
	if v_2.Tag == lisette.OptionSome {
		return v_2.SomeVal, true
	}
	return "", false
}

func main() {
	if v, ok := lookup("HOME"); ok {
		_ = v
	}
}
