---
source: tests/spec/emit/interop_matrix.rs
description: |
  
  import "go:errors"
  import "go:fmt"
  import "go:text/template"
  import "go:text/template/parse"
  
  fn root(t: mut Ref<template.Template>) -> Result<mut Ref<parse.ListNode>, error> {
    t.Root.ok_or_else(|| errors.New("root is unavailable"))
  }
  
  fn main() {
    let mut t = template.New("greeting")
    match t.Parse("hello {{.}}") {
      Ok(parsed) => {
        match root(parsed) {
          Ok(_) => fmt.Println("root is available"),
          Err(e) => fmt.Println("error", e),
        }
        parsed.Root = None
        match root(parsed) {
          Ok(_) => fmt.Println("root is available"),
          Err(e) => fmt.Println("error", e),
        }
      },
      Err(e) => fmt.Println("parse failed", e),
    }
  }
---
package main

import (
	"errors"
	"fmt"
	lisette "github.com/ivov/lisette/prelude"
	"text/template"
	"text/template/parse"
)

func root(t *template.Template) (*parse.ListNode, error) {
	raw_1 := t.Root
	option_2 := lisette.OptionFromNilable[*parse.ListNode](raw_1, raw_1 == nil)
	v_3 := lisette.OptionOkOrElse(option_2, func() error {
		return errors.New("root is unavailable")
	})
	if v_3.Tag == lisette.ResultOk {
		return v_3.OkVal, nil
	}
	return nil, v_3.ErrVal
}

func main() {
	t := template.New("greeting")
	if parsed, e := t.Parse("hello {{.}}"); e == nil && parsed != nil {
		if _, e := root(parsed); e == nil {
			fmt.Println("root is available")
		} else {
			fmt.Println("error", e)
		}
		parsed.Root = nil
		if _, e := root(parsed); e == nil {
			fmt.Println("root is available")
		} else {
			fmt.Println("error", e)
		}
	} else {
		if e == nil {
			e = errors.New("unexpected nil")
		}
		fmt.Println("parse failed", e)
	}
}
