---
source: tests/spec/emit/interop_matrix.rs
description: |
  
  import "go:bufio"
  
  fn split_words(data: mut Slice<byte>, at_eof: bool) -> Result<(int, Slice<byte>), error> {
    bufio.ScanWords(data, at_eof)
  }
  
  fn main() {
    let annotated: bufio.SplitFunc = split_words
    let forwarded: bufio.SplitFunc = bufio.ScanWords
    let literal: bufio.SplitFunc = |data, at_eof| bufio.ScanWords(data, at_eof)
    let _ = annotated
    let _ = forwarded
    let _ = literal
  }
---
package main

import (
	"bufio"
	lisette "github.com/ivov/lisette/prelude"
)

func splitWords(data []byte, at_eof bool) (lisette.Tuple2[int, []byte], error) {
	ret_1, ret_2, ret_3 := bufio.ScanWords(data, at_eof)
	tup_4 := lisette.MakeTuple2(ret_1, ret_2)
	var result_5 lisette.Result[lisette.Tuple2[int, []byte], error]
	if ret_3 != nil {
		result_5 = lisette.MakeResultErr[lisette.Tuple2[int, []byte], error](ret_3)
	} else {
		result_5 = lisette.MakeResultOk[lisette.Tuple2[int, []byte], error](tup_4)
	}
	if result_5.Tag == lisette.ResultOk {
		return result_5.OkVal, nil
	}
	return lisette.Tuple2[int, []byte]{}, result_5.ErrVal
}

func main() {
	cb_1 := splitWords
	var annotated bufio.SplitFunc = func(arg0 []byte, arg1 bool) (int, []byte, error) {
		ret_2, ret_3 := cb_1(arg0, arg1)
		return ret_2.First, ret_2.Second, ret_3
	}
	var forwarded bufio.SplitFunc = bufio.ScanWords
	var literal bufio.SplitFunc = func(data []byte, at_eof bool) (int, []byte, error) {
		return bufio.ScanWords(data, at_eof)
	}
	_ = annotated
	_ = forwarded
	_ = literal
}
