---
source: tests/spec/emit/interop_matrix.rs
description: |
  
  import "go:example.com/reg"
  
  fn main() {
    match reg.Registry(true) {
      Some(m) => { let _ = m.length() },
      None => { let _ = 0 },
    }
  }
---
package main

import (
	"example.com/reg"
	lisette "github.com/ivov/lisette/prelude"
)

func main() {
	raw_1 := reg.Registry(true)
	option_2 := lisette.OptionFromNilable[map[string]int](raw_1, raw_1 == nil)
	if option_2.Tag == lisette.OptionSome {
		_ = len(option_2.SomeVal)
	}
}
