---
source: tests/spec/emit/interop_matrix.rs
description: |
  
  import "go:example.com/cb"
  
  fn main() {
    let _ = cb.Options {
      Direction: Some(cb.DirectionDefault),
    }
  }
---
package main

import "example.com/cb"

func main() {
	var ptr_1 cb.Direction = cb.DirectionDefault
	_ = cb.Options{Direction: &ptr_1}
}
