---
source: tests/spec/emit/interop_matrix.rs
description: |
  
  import "go:fmt"
  import "go:example.com/aws"
  
  fn run() -> Result<(), error> {
    let xs = aws.Make()?
    for x in xs {
      match x {
        Some(v) => fmt.Println(v),
        None => fmt.Println("none"),
      }
    }
    Ok(())
  }
  
  fn main() {
    let _ = run()
  }
---
package main

import (
	"example.com/aws"
	"fmt"
	lisette "github.com/ivov/lisette/prelude"
)

func run() error {
	ret_1, err := aws.Make()
	if err != nil {
		return err
	}
	wrapped_2 := make([]lisette.Option[string], len(ret_1))
	for i_3, v_4 := range ret_1 {
		if v_4 != nil {
			wrapped_2[i_3] = lisette.MakeOptionSome[string](*v_4)
		} else {
			wrapped_2[i_3] = lisette.MakeOptionNone[string]()
		}
	}
	xs := wrapped_2
	for _, x := range xs {
		if x.Tag == lisette.OptionSome {
			fmt.Println(x.SomeVal)
		} else {
			fmt.Println("none")
		}
	}
	return nil
}

func main() {
	run()
}
