---
source: tests/spec/emit/types.rs
description: |
  
  fn identity(value: int) -> int {
    value
  }
  
  fn describe(value: Unknown) -> string {
    match assert_type<string>(value) {
      Some(text) => text,
      None => "",
    }
  }
  
  fn test() {
    let value = 1
    let mut value: Unknown = identity(value)
    value = "two"
    if describe(value) != "two" {
      panic("shadowing Unknown binding was declared at the concrete type")
    }
  }
---
package main

import lisette "github.com/ivov/lisette/prelude"

func identity(value int) int {
	return value
}

func describe(value any) string {
	subject_1 := lisette.AssertType[string](value)
	if subject_1.Tag == lisette.OptionSome {
		return subject_1.SomeVal
	}
	return ""
}

func test() {
	value := 1
	var value_1 any = identity(value)
	value_1 = "two"
	if describe(value_1) != "two" {
		panic("shadowing Unknown binding was declared at the concrete type")
	}
}
