---
source: tests/spec/emit/result_option_patterns.rs
description: |
  
  import "go:os"
  import "go:fmt"
  
  fn test(name: string) {
    let label = match os.Open(name) {
      Ok(f) => f.Name(),
      Err(e) => {
        fmt.Println("cannot open")
        return
      },
    }
    fmt.Println(label)
  }
---
package main

import (
	"fmt"
	"os"
)

func test(name string) {
	var label string
	if f, err := os.Open(name); err == nil && f != nil {
		label = f.Name()
	} else {
		fmt.Println("cannot open")
		return
	}
	fmt.Println(label)
}
