---
source: tests/spec/emit/control_flow.rs
description: |
  
  import "go:fmt"
  
  fn test() {
    let result: Result<int, string> = Ok(42);
    match result {
      Ok(n) if n > 0 => fmt.Print(f"positive: {n}\n"),
      Ok(n) => fmt.Print(f"non-positive: {n}\n"),
      Err(e) => fmt.Print(f"error: {e}\n"),
    }
  }
---
package main

import (
	"fmt"
	lisette "github.com/ivov/lisette/prelude"
)

func test() {
	result := lisette.MakeResultOk[int, string](42)
match_1:
	for {
		if result.Tag == lisette.ResultOk {
			if result.OkVal > 0 {
				fmt.Printf("positive: %d\n", result.OkVal)
				break match_1
			}
			fmt.Printf("non-positive: %d\n", result.OkVal)
			break match_1
		}
		e := result.ErrVal
		fmt.Printf("error: %s\n", e)
		break match_1
	}
}
