---
source: tests/spec/emit/control_flow.rs
description: |
  
  fn die() -> Never { panic("dead") }
  
  fn test(x: int) -> int {
    match x {
      0 => die(),
      _ => x + 1,
    }
  }
---
package main

func die() {
	panic("dead")
}

func test(x int) int {
	if x == 0 {
		die()
	}
	return x + 1
}
