---
source: tests/spec/emit/functions.rs
description: "input: \nfn get_int() -> int {\n  42\n}\n\nfn accept_float(x: float64) -> float64 {\n  x\n}\n\nfn test() -> float64 {\n  accept_float(get_int() as float64)\n}\n"
---
package main

func get_int() int {
	return 42
}

func accept_float(x float64) float64 {
	return x
}

func test() float64 {
	return accept_float(float64(get_int()))
}
