---
source: tests/spec/emit/types.rs
description: "input: \nstruct UserId(int)\n\nfn main() {\n  let id = UserId(5)\n  let r = &id\n  let _ = r.0\n}\n"
---
package main

import "fmt"

type UserId int

func (u UserId) String() string {
	return fmt.Sprintf("UserId(%v)", int(u))
}

func main() {
	id := UserId(5)
	r := &id
	_ = int(*r)
}
