---
source: tests/spec/emit/result_option_patterns.rs
description: "input: \nfn test(flag: bool) -> Option<int> {\n  let result = if flag { Some(42) } else { None };\n  result\n}\n"
---
package main

import lisette "github.com/ivov/lisette/prelude"

func test(flag bool) lisette.Option[int] {
	if flag {
		return lisette.MakeOptionSome[int](42)
	}
	return lisette.MakeOptionNone[int]()
}
