---
source: tests/spec/emit/prelude.rs
description: |
  
  fn test(s: Slice<int>) -> Option<int> {
    s.find(|x| x > 0)
  }
---
package main

import lisette "github.com/ivov/lisette/prelude"

func test(s []int) (int, bool) {
	result_1 := lisette.MakeOptionNone[int]()
	for _, x := range s {
		if x > 0 {
			result_1 = lisette.MakeOptionSome[int](x)
			break
		}
	}
	if result_1.Tag == lisette.OptionSome {
		return result_1.SomeVal, true
	}
	return 0, false
}
