---
source: tests/spec/emit/types.rs
description: "input: \n#[json(omitempty)]\nstruct User {\n  #[json(!omitempty)]\n  id: int,\n  name: string,\n}\n"
---
package main

import "fmt"

type User struct {
	Id   int    `json:"id"`
	Name string `json:"name,omitempty"`
}

func (u User) GoString() string {
	return fmt.Sprintf("User { id: %v, name: %v }", u.Id, u.Name)
}
