---
source: tests/spec/emit/types.rs
description: "input: \n#[json]\nstruct User {\n  #[json(omitempty)]\n  name: string,\n}\n"
---
package main

import "fmt"

type User struct {
	Name string `json:"name,omitempty"`
}

func (u User) String() string {
	return fmt.Sprintf("User { name: %v }", u.Name)
}
