---
source: tests/spec/emit/types.rs
description: "input: \n#[json]\nstruct User {\n  #[json(skip)]\n  password: string,\n}\n"
---
package main

import "fmt"

type User struct {
	Password string `json:"-"`
}

func (u User) GoString() string {
	return fmt.Sprintf("User { password: %v }", u.Password)
}
