---
source: tests/spec/emit/result_option_patterns.rs
description: |
  
  fn test() -> Option<int> {
    try {
      let _ = Some(1)?;
      panic("fatal")
    }
  }
---
package main

import lisette "github.com/ivov/lisette/prelude"

func test() (int, bool) {
	check_1 := lisette.MakeOptionSome(1)
	if check_1.Tag != lisette.OptionSome {
		return 0, false
	}
	panic("fatal")
}
