---
source: tests/spec/emit/types.rs
description: "input: \nstruct Pair<A, B>(A, B)\n\nfn test() -> Pair<int, string> {\n  Pair(42, \"hello\")\n}\n"
---
package main

import "fmt"

type Pair[A any, B any] struct {
	F0 A
	F1 B
}

func (p Pair[A, B]) GoString() string {
	return fmt.Sprintf("Pair(%v, %v)", p.F0, p.F1)
}

func test() Pair[int, string] {
	return Pair[int, string]{
		F0: 42,
		F1: "hello",
	}
}
