---
source: tests/spec/infer/try.rs
---
  ✕ Interface not implemented
   ╭─[test.lis:7:15]
 6 │     fn load() -> Result<int, error> {
 7 │       let n = fetch()?
   ·               ────┬───
   ·                   ╰── `PlainError` does not implement `error`
 8 │       Ok(n)
   ╰────
  help: Missing methods:
          From `error`
            - Error: fn () -> string
        code: [infer.interface_not_implemented]
