---
source: tests/ui/errors/mod.rs
---
  ✕ `Map<string, int>` has no zero value
   ╭─[test.lis:3:11]
 2 │ fn test() {
 3 │   let m = zero<Map<string, int>>()
   ·           ────────────┬───────────
   ·                       ╰── `Map<string, int>` does not satisfy `Zeroable`
 4 │ }
   ╰────
  help: `Zeroable` admits only types whose zero value Lisette can produce, and `Map<string, int>` has none. Build this value explicitly instead, e.g. `Map.new<K, V>()` for a map or `Channel.new<T>()` for a channel · code: [infer.not_zeroable_bound]
