---
source: tests/ui/errors/mod.rs
---
  ✕ Type mismatch
    ╭─[main.lis:10:16]
  9 │   let mine = Config { n: 1 }
 10 │   let _ = take(mine)
    ·                ──┬─
    ·                  ╰── expected `alpha.Config`, found `Config`
 11 │ }
    ╰────
  help: Change the type annotation to `Config` or convert the value to `alpha.Config` · code: [infer.type_mismatch]
