---
source: tests/ui/errors/mod.rs
---
  [error] Cannot use type alias as qualifier
   ╭─[test.lis:4:30]
 3 │ fn main() {
 4 │   let f: fn(int) -> O<int> = O.Some
   ·                              ┬
   ·                              ╰── `O` is a type alias for `Option`
 5 │   let _ = f
   ╰────
  help: Use the original type directly: `Option.Some` · code: [infer.type_alias_as_qualifier]
