---
source: tests/ui/errors/mod.rs
---
  [error] Invalid `as` binding
   ╭─[test.lis:5:7]
 4 │ fn test(pts: Slice<Point>) {
 5 │   for Point { x, .. } as p in pts {}
   ·       ──────────┬─────────
   ·                 ╰── `as` is disallowed here
 6 │ }
   ╰────
  help: Use `as` only in `match`, `if let`, `while let`, or `Some(value as name)` in `select` · code: [infer.as_binding_in_irrefutable_context]
