---
source: tests/ui/errors/mod.rs
---
  ✕ `Map<string, int>` has no zero value
   ╭─[test.lis:5:11]
 4 │ fn test() {
 5 │   let s = zero<HasMap>()
   ·           ───────┬──────
   ·                  ╰── `Map<string, int>` does not satisfy `Zeroable`
 6 │ }
   ╰────
  help: `Zeroable` admits only types whose zero value Lisette can produce, and `Map<string, int>` at `m` has none. Build this value explicitly instead, e.g. `Map.new<K, V>()` for a map or `Channel.new<T>()` for a channel · code: [infer.not_zeroable_bound]
