---
source: tests/ui/errors/mod.rs
---
  ✕ Use of `Self` type
   ╭─[test.lis:5:12]
 4 │ }
 5 │ fn peek(c: Self) -> int {
   ·            ──┬─
   ·              ╰── disallowed
 6 │   c.value
   ╰────
  help: `Self` is only allowed inside an `impl` block. Use a type parameter instead, e.g. `interface Comparable<T> { fn compare(other: T) -> int }` · code: [resolve.self_type_not_supported]
