---
source: tests/ui/errors/mod.rs
---
  [error] Unsupported operator
   ╭─[test.lis:3:16]
 2 │ fn test() {
 3 │   foo(bar(baz()^));
   ·                ┬
   ·                ╰── `^` is not a supported binary operator
 4 │ }
   ╰────
  help: Lisette does not support bitwise operators · code: [parse.unsupported_operator]
